// Jest Snapshot v1, https://goo.gl/fbAQLP

exports[`<App /> renders App component correctly 1`] = `
<DocumentFragment>
  <article
    class="quote"
  >
    <div
      class="quote-media"
    >
      <img
        alt="Zeitgeist"
        class="quote-picture"
        src="ghost.jfif"
      />
    </div>
    <blockquote
      class="quote-box"
    >
      <h1
        class="quote-message"
      >
        ...
      </h1>
      <cite
        class="quote-author"
      >
        Unknown
      </cite>
    </blockquote>
  </article>
</DocumentFragment>
`;
